Archive member included to satisfy reference by file (symbol)

D:/794QYH/EE/MCU/CH32V307VCT6/EVT/EXAM/VoiceRcgExam/VoiceRcg/User/libVoiceRcg.a(activedetect.o)
                              ./User/main.o (environment_noise)
D:/794QYH/EE/MCU/CH32V307VCT6/EVT/EXAM/VoiceRcgExam/VoiceRcg/User/libVoiceRcg.a(calcmfcc.o)
                              ./User/main.o (calc_mfcc_chara_para)
D:/794QYH/EE/MCU/CH32V307VCT6/EVT/EXAM/VoiceRcgExam/VoiceRcg/User/libVoiceRcg.a(chipflash.o)
                              ./User/main.o (save_mfcc_chara_para)
D:/794QYH/EE/MCU/CH32V307VCT6/EVT/EXAM/VoiceRcgExam/VoiceRcg/User/libVoiceRcg.a(match.o)
                              ./User/main.o (calc_chara_para_match_dis)
d:/mounriver_studio/mounriver/mounriver_studio/toolchain/risc-v embedded gcc/bin/../lib/gcc/riscv-none-embed/8.2.0/../../../../riscv-none-embed/lib/rv32imafc/ilp32f\libm.a(lib_a-wf_log.o)
                              D:/794QYH/EE/MCU/CH32V307VCT6/EVT/EXAM/VoiceRcgExam/VoiceRcg/User/libVoiceRcg.a(calcmfcc.o) (logf)
d:/mounriver_studio/mounriver/mounriver_studio/toolchain/risc-v embedded gcc/bin/../lib/gcc/riscv-none-embed/8.2.0/../../../../riscv-none-embed/lib/rv32imafc/ilp32f\libm.a(lib_a-wf_sqrt.o)
                              D:/794QYH/EE/MCU/CH32V307VCT6/EVT/EXAM/VoiceRcgExam/VoiceRcg/User/libVoiceRcg.a(match.o) (sqrtf)
d:/mounriver_studio/mounriver/mounriver_studio/toolchain/risc-v embedded gcc/bin/../lib/gcc/riscv-none-embed/8.2.0/../../../../riscv-none-embed/lib/rv32imafc/ilp32f\libm.a(lib_a-ef_log.o)
                              d:/mounriver_studio/mounriver/mounriver_studio/toolchain/risc-v embedded gcc/bin/../lib/gcc/riscv-none-embed/8.2.0/../../../../riscv-none-embed/lib/rv32imafc/ilp32f\libm.a(lib_a-wf_log.o) (__ieee754_logf)
d:/mounriver_studio/mounriver/mounriver_studio/toolchain/risc-v embedded gcc/bin/../lib/gcc/riscv-none-embed/8.2.0/../../../../riscv-none-embed/lib/rv32imafc/ilp32f\libm.a(lib_a-ef_sqrt.o)
                              d:/mounriver_studio/mounriver/mounriver_studio/toolchain/risc-v embedded gcc/bin/../lib/gcc/riscv-none-embed/8.2.0/../../../../riscv-none-embed/lib/rv32imafc/ilp32f\libm.a(lib_a-wf_sqrt.o) (__ieee754_sqrtf)
d:/mounriver_studio/mounriver/mounriver_studio/toolchain/risc-v embedded gcc/bin/../lib/gcc/riscv-none-embed/8.2.0/../../../../riscv-none-embed/lib/rv32imafc/ilp32f\libm.a(lib_a-s_lib_ver.o)
                              d:/mounriver_studio/mounriver/mounriver_studio/toolchain/risc-v embedded gcc/bin/../lib/gcc/riscv-none-embed/8.2.0/../../../../riscv-none-embed/lib/rv32imafc/ilp32f\libm.a(lib_a-wf_log.o) (__fdlib_version)
d:/mounriver_studio/mounriver/mounriver_studio/toolchain/risc-v embedded gcc/bin/../lib/gcc/riscv-none-embed/8.2.0/../../../../riscv-none-embed/lib/rv32imafc/ilp32f\libm.a(lib_a-s_matherr.o)
                              d:/mounriver_studio/mounriver/mounriver_studio/toolchain/risc-v embedded gcc/bin/../lib/gcc/riscv-none-embed/8.2.0/../../../../riscv-none-embed/lib/rv32imafc/ilp32f\libm.a(lib_a-wf_log.o) (matherr)
d:/mounriver_studio/mounriver/mounriver_studio/toolchain/risc-v embedded gcc/bin/../lib/gcc/riscv-none-embed/8.2.0/../../../../riscv-none-embed/lib/rv32imafc/ilp32f\libm.a(lib_a-s_nan.o)
                              d:/mounriver_studio/mounriver/mounriver_studio/toolchain/risc-v embedded gcc/bin/../lib/gcc/riscv-none-embed/8.2.0/../../../../riscv-none-embed/lib/rv32imafc/ilp32f\libm.a(lib_a-wf_log.o) (nan)
d:/mounriver_studio/mounriver/mounriver_studio/toolchain/risc-v embedded gcc/bin/../lib/gcc/riscv-none-embed/8.2.0/rv32imafc/ilp32f\libgcc.a(divdf3.o)
                              d:/mounriver_studio/mounriver/mounriver_studio/toolchain/risc-v embedded gcc/bin/../lib/gcc/riscv-none-embed/8.2.0/../../../../riscv-none-embed/lib/rv32imafc/ilp32f\libm.a(lib_a-wf_sqrt.o) (__divdf3)
d:/mounriver_studio/mounriver/mounriver_studio/toolchain/risc-v embedded gcc/bin/../lib/gcc/riscv-none-embed/8.2.0/rv32imafc/ilp32f\libgcc.a(muldf3.o)
                              D:/794QYH/EE/MCU/CH32V307VCT6/EVT/EXAM/VoiceRcgExam/VoiceRcg/User/libVoiceRcg.a(activedetect.o) (__muldf3)
d:/mounriver_studio/mounriver/mounriver_studio/toolchain/risc-v embedded gcc/bin/../lib/gcc/riscv-none-embed/8.2.0/rv32imafc/ilp32f\libgcc.a(subdf3.o)
                              D:/794QYH/EE/MCU/CH32V307VCT6/EVT/EXAM/VoiceRcgExam/VoiceRcg/User/libVoiceRcg.a(calcmfcc.o) (__subdf3)
d:/mounriver_studio/mounriver/mounriver_studio/toolchain/risc-v embedded gcc/bin/../lib/gcc/riscv-none-embed/8.2.0/rv32imafc/ilp32f\libgcc.a(fixunsdfsi.o)
                              D:/794QYH/EE/MCU/CH32V307VCT6/EVT/EXAM/VoiceRcgExam/VoiceRcg/User/libVoiceRcg.a(activedetect.o) (__fixunsdfsi)
d:/mounriver_studio/mounriver/mounriver_studio/toolchain/risc-v embedded gcc/bin/../lib/gcc/riscv-none-embed/8.2.0/rv32imafc/ilp32f\libgcc.a(floatunsidf.o)
                              D:/794QYH/EE/MCU/CH32V307VCT6/EVT/EXAM/VoiceRcgExam/VoiceRcg/User/libVoiceRcg.a(activedetect.o) (__floatunsidf)
[...]
Memory Configuration

Name             Origin             Length             Attributes
FLASH            0x0000000000000000 0x0000000000030000 xr
RAM              0x0000000020000000 0x0000000000020000 xrw
*default*        0x0000000000000000 0xffffffffffffffff

Linker script and memory map

LOAD ./User/Get_Data.o
LOAD ./User/ch32v30x_it.o
LOAD ./User/es8388.o
LOAD ./User/lcd.o
LOAD ./User/main.o
LOAD ./User/system_ch32v30x.o
LOAD ./Startup/startup_ch32v30x_D8C.o
LOAD ./Peripheral/src/ch32v30x_adc.o
LOAD ./Peripheral/src/ch32v30x_bkp.o
LOAD ./Peripheral/src/ch32v30x_can.o
LOAD ./Peripheral/src/ch32v30x_crc.o
LOAD ./Peripheral/src/ch32v30x_dac.o
LOAD ./Peripheral/src/ch32v30x_dbgmcu.o
LOAD ./Peripheral/src/ch32v30x_dma.o
LOAD ./Peripheral/src/ch32v30x_dvp.o
LOAD ./Peripheral/src/ch32v30x_eth.o
LOAD ./Peripheral/src/ch32v30x_exti.o
LOAD ./Peripheral/src/ch32v30x_flash.o
LOAD ./Peripheral/src/ch32v30x_fsmc.o
LOAD ./Peripheral/src/ch32v30x_gpio.o
LOAD ./Peripheral/src/ch32v30x_i2c.o
LOAD ./Peripheral/src/ch32v30x_iwdg.o
LOAD ./Peripheral/src/ch32v30x_misc.o
LOAD ./Peripheral/src/ch32v30x_opa.o
LOAD ./Peripheral/src/ch32v30x_pwr.o
LOAD ./Peripheral/src/ch32v30x_rcc.o
LOAD ./Peripheral/src/ch32v30x_rng.o
LOAD ./Peripheral/src/ch32v30x_rtc.o
LOAD ./Peripheral/src/ch32v30x_sdio.o
LOAD ./Peripheral/src/ch32v30x_spi.o
LOAD ./Peripheral/src/ch32v30x_tim.o
LOAD ./Peripheral/src/ch32v30x_usart.o
LOAD ./Peripheral/src/ch32v30x_wwdg.o
LOAD ./Debug/debug.o
LOAD ./Core/core_riscv.o
LOAD D:/794QYH/EE/MCU/CH32V307VCT6/EVT/EXAM/VoiceRcgExam/VoiceRcg/User/libVoiceRcg.a
LOAD d:/mounriver_studio/mounriver/mounriver_studio/toolchain/risc-v embedded gcc/bin/../lib/gcc/riscv-none-embed/8.2.0/../../../../riscv-none-embed/lib/rv32imafc/ilp32f\libm.a
LOAD d:/mounriver_studio/mounriver/mounriver_studio/toolchain/risc-v embedded gcc/bin/../lib/gcc/riscv-none-embed/8.2.0/rv32imafc/ilp32f\libgcc.a
LOAD d:/mounriver_studio/mounriver/mounriver_studio/toolchain/risc-v embedded gcc/bin/../lib/gcc/riscv-none-embed/8.2.0/../../../../riscv-none-embed/lib/rv32imafc/ilp32f\libc_nano.a
LOAD d:/mounriver_studio/mounriver/mounriver_studio/toolchain/risc-v embedded gcc/bin/../lib/gcc/riscv-none-embed/8.2.0/rv32imafc/ilp32f\libgcc.a
START GROUP
LOAD d:/mounriver_studio/mounriver/mounriver_studio/toolchain/risc-v embedded gcc/bin/../lib/gcc/riscv-none-embed/8.2.0/rv32imafc/ilp32f\libgcc.a
LOAD d:/mounriver_studio/mounriver/mounriver_studio/toolchain/risc-v embedded gcc/bin/../lib/gcc/riscv-none-embed/8.2.0/../../../../riscv-none-embed/lib/rv32imafc/ilp32f\libc_nano.a
LOAD d:/mounriver_studio/mounriver/mounriver_studio/toolchain/risc-v embedded gcc/bin/../lib/gcc/riscv-none-embed/8.2.0/../../../../riscv-none-embed/lib/rv32imafc/ilp32f\libnosys.a
END GROUP
START GROUP
LOAD d:/mounriver_studio/mounriver/mounriver_studio/toolchain/risc-v embedded gcc/bin/../lib/gcc/riscv-none-embed/8.2.0/rv32imafc/ilp32f\libgcc.a
LOAD d:/mounriver_studio/mounriver/mounriver_studio/toolchain/risc-v embedded gcc/bin/../lib/gcc/riscv-none-embed/8.2.0/../../../../riscv-none-embed/lib/rv32imafc/ilp32f\libc_nano.a
LOAD d:/mounriver_studio/mounriver/mounriver_studio/toolchain/risc-v embedded gcc/bin/../lib/gcc/riscv-none-embed/8.2.0/../../../../riscv-none-embed/lib/rv32imafc/ilp32f\libnosys.a
END GROUP
                0x0000000000000800                __stack_size = 0x800
                [!provide]                        PROVIDE (_stack_size = __stack_size)

.init           0x0000000000000000       0x38
                0x0000000000000000                _sinit = .
                0x0000000000000000                . = ALIGN (0x4)
 *(SORT_NONE(.init))
 .init          0x0000000000000000       0x38 ./Startup/startup_ch32v30x_D8C.o
                0x0000000000000000                _start
                0x0000000000000038                . = ALIGN (0x4)
                0x0000000000000038                _einit = .

.vector         0x0000000000000038      0x1c8
 *(.vector)
 .vector        0x0000000000000038      0x1a0 ./Startup/startup_ch32v30x_D8C.o
                0x0000000000000200                . = ALIGN (0x40)
 *fill*         0x00000000000001d8       0x28 

.text           0x0000000000000200     0xbd1c
                0x0000000000000200                . = ALIGN (0x4)
 *(.text)
 .text          0x0000000000000200       0xa8 d:/mounriver_studio/mounriver/mounriver_studio/toolchain/risc-v embedded gcc/bin/../lib/gcc/riscv-none-embed/8.2.0/../../../../riscv-none-embed/lib/rv32imafc/ilp32f\libc_nano.a(lib_a-memset.o)
                0x0000000000000200                memset
 *(.text.*)
 .text.I2S2_Init
                0x00000000000002a8       0xac ./User/Get_Data.o
                0x00000000000002a8                I2S2_Init
 .text.DMA_Rx_Init
                0x0000000000000354       0x62 ./User/Get_Data.o
                0x0000000000000354                DMA_Rx_Init
 .text.DMA_Data_Tran
                0x00000000000003b6       0x70 ./User/Get_Data.o
                0x00000000000003b6                DMA_Data_Tran
 .text.voice_init
                0x0000000000000426       0x58 ./User/Get_Data.o
                0x0000000000000426                voice_init
 .text.DMA1_Channel4_IRQHandler
                0x000000000000047e       0x90 ./User/Get_Data.o
                0x000000000000047e                DMA1_Channel4_IRQHandler
 .text.DMA1_Channel5_IRQHandler
                0x000000000000050e       0x92 ./User/Get_Data.o
                0x000000000000050e                DMA1_Channel5_IRQHandler
 .text.NMI_Handler
                0x00000000000005a0        0x4 ./User/ch32v30x_it.o
                0x00000000000005a0                NMI_Handler
 .text.HardFault_Handler
                0x00000000000005a4        0x2 ./User/ch32v30x_it.o
                0x00000000000005a4                HardFault_Handler
 .text.IIC_Init
                0x00000000000005a6       0xb4 ./User/es8388.o
                0x00000000000005a6                IIC_Init
 .text.ES8388_Contrl_Init
                0x000000000000065a       0x30 ./User/es8388.o
                0x000000000000065a                ES8388_Contrl_Init
 .text.ES8388_Write_Reg
                0x000000000000068a       0xee ./User/es8388.o
                0x000000000000068a                ES8388_Write_Reg
 .text.ES8388_Init
                0x0000000000000778       0xc8 ./User/es8388.o
                0x0000000000000778                ES8388_Init
 .text.ES8388_I2S_Cfg
                0x0000000000000840        0xe ./User/es8388.o
                0x0000000000000840                ES8388_I2S_Cfg
 .text.ES8388_Set_Volume
                0x000000000000084e       0x32 ./User/es8388.o
                0x000000000000084e                ES8388_Set_Volume
 .text.ES8388_ADDA_Cfg
                0x0000000000000880       0x16 ./User/es8388.o
                0x0000000000000880                ES8388_ADDA_Cfg
 .text.lcd_write_half_word
                0x0000000000000896       0x16 ./User/lcd.o
                0x0000000000000896                lcd_write_half_word
 .text.lcd_read_data
                0x00000000000008ac       0x1a ./User/lcd.o
                0x00000000000008ac                lcd_read_data
 .text.lcd_fsmc_init
                0x00000000000008c6      0x13e ./User/lcd.o
                0x00000000000008c6                lcd_fsmc_init
 .text.lcd_gpio_init
                0x0000000000000a04       0x5a ./User/lcd.o
                0x0000000000000a04                lcd_gpio_init
 .text.lcd_set_color
                0x0000000000000a5e        0xe ./User/lcd.o
                0x0000000000000a5e                lcd_set_color
 .text.lcd_address_set
                0x0000000000000a6c       0x5e ./User/lcd.o
                0x0000000000000a6c                lcd_address_set
 .text.lcd_clear
                0x0000000000000aca       0x4c ./User/lcd.o
                0x0000000000000aca                lcd_clear
 .text.lcd_init
                0x0000000000000b16      0x1dc ./User/lcd.o
                0x0000000000000b16                lcd_init
 .text.lcd_draw_point_color
                0x0000000000000cf2       0x18 ./User/lcd.o
                0x0000000000000cf2                lcd_draw_point_color
 .text.lcd_fill
                0x0000000000000d0a       0x4c ./User/lcd.o
                0x0000000000000d0a                lcd_fill
 .text.lcd_show_char
                0x0000000000000d56      0x1ae ./User/lcd.o
                0x0000000000000d56                lcd_show_char
 .text.lcd_show_string
                0x0000000000000f04       0xcc ./User/lcd.o
                0x0000000000000f04                lcd_show_string
 .text.lcd_show_chinese
                0x0000000000000fd0       0xdc ./User/lcd.o
                0x0000000000000fd0                lcd_show_chinese
 .text.voice_record
                0x00000000000010ac       0x5e ./User/main.o
                0x00000000000010ac                voice_record
 .text.save_chara_para_mdl
                0x000000000000110a       0x8e ./User/main.o
                0x000000000000110a                save_chara_para_mdl
 .text.parameters_practice
                0x0000000000001198      0x12e ./User/main.o
                0x0000000000001198                parameters_practice
 .text.voice_recongition
                0x00000000000012c6      0x184 ./User/main.o
                0x00000000000012c6                voice_recongition
 .text.key_init
                0x000000000000144a       0x3a ./User/main.o
                0x000000000000144a                key_init
 .text.sw1_scan
                0x0000000000001484       0x3a ./User/main.o
                0x0000000000001484                sw1_scan
 .text.sw2_scan
                0x00000000000014be       0x3c ./User/main.o
                0x00000000000014be                sw2_scan
 .text.startup.main
                0x00000000000014fa      0x27e ./User/main.o
                0x00000000000014fa                main
 .text.SystemInit
                0x0000000000001778       0xfc ./User/system_ch32v30x.o
                0x0000000000001778                SystemInit
 .text.vector_handler
                0x0000000000001874       0xbe ./Startup/startup_ch32v30x_D8C.o
                0x0000000000001878                Ecall_M_Mode_Handler
                0x000000000000187a                Ecall_U_Mode_Handler
                0x000000000000187c                Break_Point_Handler
                0x000000000000187e                SysTick_Handler
                0x0000000000001880                SW_Handler
                0x0000000000001882                WWDG_IRQHandler
                0x0000000000001884                PVD_IRQHandler
                0x0000000000001886                TAMPER_IRQHandler
                0x0000000000001888                RTC_IRQHandler
                0x000000000000188a                FLASH_IRQHandler
                0x000000000000188c                RCC_IRQHandler
                0x000000000000188e                EXTI0_IRQHandler
                0x0000000000001890                EXTI1_IRQHandler
                0x0000000000001892                EXTI2_IRQHandler
                0x0000000000001894                EXTI3_IRQHandler
                0x0000000000001896                EXTI4_IRQHandler
                0x0000000000001898                DMA1_Channel1_IRQHandler
                0x000000000000189a                DMA1_Channel2_IRQHandler
                0x000000000000189c                DMA1_Channel3_IRQHandler
                0x00000000000018a2                DMA1_Channel6_IRQHandler
                0x00000000000018a4                DMA1_Channel7_IRQHandler
                0x00000000000018a6                ADC1_2_IRQHandler
                0x00000000000018a8                USB_HP_CAN1_TX_IRQHandler
                0x00000000000018aa                USB_LP_CAN1_RX0_IRQHandler
                0x00000000000018ac                CAN1_RX1_IRQHandler
                0x00000000000018ae                CAN1_SCE_IRQHandler
                0x00000000000018b0                EXTI9_5_IRQHandler
                0x00000000000018b2                TIM1_BRK_IRQHandler
                0x00000000000018b4                TIM1_UP_IRQHandler
                0x00000000000018b6                TIM1_TRG_COM_IRQHandler
                0x00000000000018b8                TIM1_CC_IRQHandler
                0x00000000000018ba                TIM2_IRQHandler
                0x00000000000018bc                TIM3_IRQHandler
                0x00000000000018be                TIM4_IRQHandler
                0x00000000000018c0                I2C1_EV_IRQHandler
                0x00000000000018c2                I2C1_ER_IRQHandler
                0x00000000000018c4                I2C2_EV_IRQHandler
                0x00000000000018c6                I2C2_ER_IRQHandler
                0x00000000000018c8                SPI1_IRQHandler
                0x00000000000018ca                SPI2_IRQHandler
                0x00000000000018cc                USART1_IRQHandler
                0x00000000000018ce                USART2_IRQHandler
                0x00000000000018d0                USART3_IRQHandler
                0x00000000000018d2                EXTI15_10_IRQHandler
                0x00000000000018d4                RTCAlarm_IRQHandler
                0x00000000000018d6                USBWakeUp_IRQHandler
                0x00000000000018d8                TIM8_BRK_IRQHandler
                0x00000000000018da                TIM8_UP_IRQHandler
                0x00000000000018dc                TIM8_TRG_COM_IRQHandler
                0x00000000000018de                TIM8_CC_IRQHandler
                0x00000000000018e0                RNG_IRQHandler
                0x00000000000018e2                FSMC_IRQHandler
                0x00000000000018e4                SDIO_IRQHandler
                0x00000000000018e6                TIM5_IRQHandler
                0x00000000000018e8                SPI3_IRQHandler
                0x00000000000018ea                UART4_IRQHandler
                0x00000000000018ec                UART5_IRQHandler
                0x00000000000018ee                TIM6_IRQHandler
                0x00000000000018f0                TIM7_IRQHandler
                0x00000000000018f2                DMA2_Channel1_IRQHandler
                0x00000000000018f4                DMA2_Channel2_IRQHandler
                0x00000000000018f6                DMA2_Channel3_IRQHandler
                0x00000000000018f8                DMA2_Channel4_IRQHandler
                0x00000000000018fa                DMA2_Channel5_IRQHandler
                0x00000000000018fc                ETH_IRQHandler
                0x00000000000018fe                ETH_WKUP_IRQHandler
                0x0000000000001900                CAN2_TX_IRQHandler
                0x0000000000001902                CAN2_RX0_IRQHandler
                0x0000000000001904                CAN2_RX1_IRQHandler
                0x0000000000001906                CAN2_SCE_IRQHandler
                0x0000000000001908                OTG_FS_IRQHandler
                0x000000000000190a                USBHSWakeup_IRQHandler
                0x000000000000190c                USBHS_IRQHandler
                0x000000000000190e                DVP_IRQHandler
                0x0000000000001910                UART6_IRQHandler
                0x0000000000001912                UART7_IRQHandler
                0x0000000000001914                UART8_IRQHandler
                0x0000000000001916                TIM9_BRK_IRQHandler
                0x0000000000001918                TIM9_UP_IRQHandler
                0x000000000000191a                TIM9_TRG_COM_IRQHandler
                0x000000000000191c                TIM9_CC_IRQHandler
                0x000000000000191e                TIM10_BRK_IRQHandler
                0x0000000000001920                TIM10_UP_IRQHandler
                0x0000000000001922                TIM10_TRG_COM_IRQHandler
                0x0000000000001924                TIM10_CC_IRQHandler
                0x0000000000001926                DMA2_Channel6_IRQHandler
                0x0000000000001928                DMA2_Channel7_IRQHandler
                0x000000000000192a                DMA2_Channel8_IRQHandler
                0x000000000000192c                DMA2_Channel9_IRQHandler
                0x000000000000192e                DMA2_Channel10_IRQHandler
                0x0000000000001930                DMA2_Channel11_IRQHandler
 .text.handle_reset
                0x0000000000001932       0xa6 ./Startup/startup_ch32v30x_D8C.o
                0x0000000000001932                handle_reset
 .text.DMA_DeInit
                0x00000000000019d8      0x16c ./Peripheral/src/ch32v30x_dma.o
                0x00000000000019d8                DMA_DeInit
 .text.DMA_Init
                0x0000000000001b44       0x38 ./Peripheral/src/ch32v30x_dma.o
                0x0000000000001b44                DMA_Init
 .text.DMA_Cmd  0x0000000000001b7c       0x14 ./Peripheral/src/ch32v30x_dma.o
                0x0000000000001b7c                DMA_Cmd
 .text.DMA_ITConfig
                0x0000000000001b90       0x12 ./Peripheral/src/ch32v30x_dma.o
                0x0000000000001b90                DMA_ITConfig
 .text.DMA_GetFlagStatus
                0x0000000000001ba2       0x32 ./Peripheral/src/ch32v30x_dma.o
                0x0000000000001ba2                DMA_GetFlagStatus
 .text.DMA_ClearFlag
                0x0000000000001bd4       0x2c ./Peripheral/src/ch32v30x_dma.o
                0x0000000000001bd4                DMA_ClearFlag
 .text.DMA_GetITStatus
                0x0000000000001c00        0x2 ./Peripheral/src/ch32v30x_dma.o
                0x0000000000001c00                DMA_GetITStatus
 .text.DMA_ClearITPendingBit
                0x0000000000001c02        0x2 ./Peripheral/src/ch32v30x_dma.o
                0x0000000000001c02                DMA_ClearITPendingBit
 .text.FLASH_Lock
                0x0000000000001c04        0xe ./Peripheral/src/ch32v30x_flash.o
                0x0000000000001c04                FLASH_Lock
 .text.FLASH_Unlock_Fast
                0x0000000000001c12       0x1e ./Peripheral/src/ch32v30x_flash.o
                0x0000000000001c12                FLASH_Unlock_Fast
 .text.FLASH_Lock_Fast
                0x0000000000001c30        0x2 ./Peripheral/src/ch32v30x_flash.o
                0x0000000000001c30                FLASH_Lock_Fast
 .text.FLASH_ErasePage_Fast
                0x0000000000001c32       0x2e ./Peripheral/src/ch32v30x_flash.o
                0x0000000000001c32                FLASH_ErasePage_Fast
 .text.FLASH_ProgramPage_Fast
                0x0000000000001c60       0x64 ./Peripheral/src/ch32v30x_flash.o
                0x0000000000001c60                FLASH_ProgramPage_Fast
 .text.FSMC_NORSRAMInit
                0x0000000000001cc4       0xba ./Peripheral/src/ch32v30x_fsmc.o
                0x0000000000001cc4                FSMC_NORSRAMInit
 .text.FSMC_NORSRAMCmd
                0x0000000000001d7e       0x1e ./Peripheral/src/ch32v30x_fsmc.o
                0x0000000000001d7e                FSMC_NORSRAMCmd
 .text.GPIO_Init
                0x0000000000001d9c       0xc2 ./Peripheral/src/ch32v30x_gpio.o
                0x0000000000001d9c                GPIO_Init
 .text.GPIO_ReadInputDataBit
                0x0000000000001e5e        0xa ./Peripheral/src/ch32v30x_gpio.o
                0x0000000000001e5e                GPIO_ReadInputDataBit
 .text.GPIO_SetBits
                0x0000000000001e68        0x4 ./Peripheral/src/ch32v30x_gpio.o
                0x0000000000001e68                GPIO_SetBits
 .text.GPIO_ResetBits
                0x0000000000001e6c        0x4 ./Peripheral/src/ch32v30x_gpio.o
                0x0000000000001e6c                GPIO_ResetBits
 .text.GPIO_WriteBit
                0x0000000000001e70        0xa ./Peripheral/src/ch32v30x_gpio.o
                0x0000000000001e70                GPIO_WriteBit
 .text.I2C_Init
                0x0000000000001e7a      0x11a ./Peripheral/src/ch32v30x_i2c.o
                0x0000000000001e7a                I2C_Init
 .text.I2C_Cmd  0x0000000000001f94       0x1c ./Peripheral/src/ch32v30x_i2c.o
                0x0000000000001f94                I2C_Cmd
 .text.I2C_GenerateSTART
                0x0000000000001fb0       0x1e ./Peripheral/src/ch32v30x_i2c.o
                0x0000000000001fb0                I2C_GenerateSTART
 .text.I2C_GenerateSTOP
                0x0000000000001fce       0x1e ./Peripheral/src/ch32v30x_i2c.o
                0x0000000000001fce                I2C_GenerateSTOP
 .text.I2C_AcknowledgeConfig
                0x0000000000001fec       0x1e ./Peripheral/src/ch32v30x_i2c.o
                0x0000000000001fec                I2C_AcknowledgeConfig
 .text.I2C_SendData
                0x000000000000200a        0x6 ./Peripheral/src/ch32v30x_i2c.o
                0x000000000000200a                I2C_SendData
 .text.I2C_Send7bitAddress
                0x0000000000002010       0x14 ./Peripheral/src/ch32v30x_i2c.o
                0x0000000000002010                I2C_Send7bitAddress
 .text.I2C_CheckEvent
                0x0000000000002024       0x1a ./Peripheral/src/ch32v30x_i2c.o
                0x0000000000002024                I2C_CheckEvent
 .text.I2C_GetFlagStatus
                0x000000000000203e       0x32 ./Peripheral/src/ch32v30x_i2c.o
                0x000000000000203e                I2C_GetFlagStatus
 .text.NVIC_PriorityGroupConfig
                0x0000000000002070        0x6 ./Peripheral/src/ch32v30x_misc.o
                0x0000000000002070                NVIC_PriorityGroupConfig
 .text.RCC_GetClocksFreq
                0x0000000000002076      0x10e ./Peripheral/src/ch32v30x_rcc.o
                0x0000000000002076                RCC_GetClocksFreq
 .text.RCC_AHBPeriphClockCmd
                0x0000000000002184       0x1e ./Peripheral/src/ch32v30x_rcc.o
                0x0000000000002184                RCC_AHBPeriphClockCmd
 .text.RCC_APB2PeriphClockCmd
                0x00000000000021a2       0x1e ./Peripheral/src/ch32v30x_rcc.o
                0x00000000000021a2                RCC_APB2PeriphClockCmd
 .text.RCC_APB1PeriphClockCmd
                0x00000000000021c0       0x1e ./Peripheral/src/ch32v30x_rcc.o
                0x00000000000021c0                RCC_APB1PeriphClockCmd
 .text.I2S_Init
                0x00000000000021de       0xd8 ./Peripheral/src/ch32v30x_spi.o
                0x00000000000021de                I2S_Init
 .text.I2S_Cmd  0x00000000000022b6       0x1e ./Peripheral/src/ch32v30x_spi.o
                0x00000000000022b6                I2S_Cmd
 .text.SPI_I2S_DMACmd
                0x00000000000022d4       0x16 ./Peripheral/src/ch32v30x_spi.o
                0x00000000000022d4                SPI_I2S_DMACmd
 .text.USART_Init
                0x00000000000022ea       0xd8 ./Peripheral/src/ch32v30x_usart.o
                0x00000000000022ea                USART_Init
 .text.USART_Cmd
                0x00000000000023c2       0x1c ./Peripheral/src/ch32v30x_usart.o
                0x00000000000023c2                USART_Cmd
 .text.USART_SendData
                0x00000000000023de        0xa ./Peripheral/src/ch32v30x_usart.o
                0x00000000000023de                USART_SendData
 .text.USART_GetFlagStatus
                0x00000000000023e8        0xc ./Peripheral/src/ch32v30x_usart.o
                0x00000000000023e8                USART_GetFlagStatus
 .text.Delay_Init
                0x00000000000023f4       0x2a ./Debug/debug.o
                0x00000000000023f4                Delay_Init
 .text.Delay_Ms
                0x000000000000241e       0x2e ./Debug/debug.o
                0x000000000000241e                Delay_Ms
 .text.USART_Printf_Init
                0x000000000000244c       0x7a ./Debug/debug.o
                0x000000000000244c                USART_Printf_Init
 .text._write   0x00000000000024c6       0x4c ./Debug/debug.o
                0x00000000000024c6                _write
 .text._sbrk    0x0000000000002512       0x2a ./Debug/debug.o
                0x0000000000002512                _sbrk
 .text.environment_noise
                0x000000000000253c       0xb2 D:/794QYH/EE/MCU/CH32V307VCT6/EVT/EXAM/VoiceRcgExam/VoiceRcg/User/libVoiceRcg.a(activedetect.o)
                0x000000000000253c                environment_noise
 .text.active_segment_detect
                0x00000000000025ee      0x15c D:/794QYH/EE/MCU/CH32V307VCT6/EVT/EXAM/VoiceRcgExam/VoiceRcg/User/libVoiceRcg.a(activedetect.o)
                0x00000000000025ee                active_segment_detect
 .text.cr2_fft  0x000000000000274a      0x14c D:/794QYH/EE/MCU/CH32V307VCT6/EVT/EXAM/VoiceRcgExam/VoiceRcg/User/libVoiceRcg.a(calcmfcc.o)
                0x000000000000274a                cr2_fft
 .text.fft.part.0
                0x0000000000002896       0x8a D:/794QYH/EE/MCU/CH32V307VCT6/EVT/EXAM/VoiceRcgExam/VoiceRcg/User/libVoiceRcg.a(calcmfcc.o)
 .text.calc_mfcc_chara_para
                0x0000000000002920      0x2e0 D:/794QYH/EE/MCU/CH32V307VCT6/EVT/EXAM/VoiceRcgExam/VoiceRcg/User/libVoiceRcg.a(calcmfcc.o)
                0x0000000000002920                calc_mfcc_chara_para
 .text.save_mfcc_chara_para
                0x0000000000002c00      0x180 D:/794QYH/EE/MCU/CH32V307VCT6/EVT/EXAM/VoiceRcgExam/VoiceRcg/User/libVoiceRcg.a(chipflash.o)
                0x0000000000002c00                save_mfcc_chara_para
 .text.get_dis  0x0000000000002d80       0x32 D:/794QYH/EE/MCU/CH32V307VCT6/EVT/EXAM/VoiceRcgExam/VoiceRcg/User/libVoiceRcg.a(match.o)
                0x0000000000002d80                get_dis
 .text.dtw_limit
                0x0000000000002db2       0x64 D:/794QYH/EE/MCU/CH32V307VCT6/EVT/EXAM/VoiceRcgExam/VoiceRcg/User/libVoiceRcg.a(match.o)
                0x0000000000002db2                dtw_limit
 .text.calc_chara_para_match_dis
                0x0000000000002e16      0x156 D:/794QYH/EE/MCU/CH32V307VCT6/EVT/EXAM/VoiceRcgExam/VoiceRcg/User/libVoiceRcg.a(match.o)
                0x0000000000002e16                calc_chara_para_match_dis
 .text.logf     0x0000000000002f6c       0xfa d:/mounriver_studio/mounriver/mounriver_studio/toolchain/risc-v embedded gcc/bin/../lib/gcc/riscv-none-embed/8.2.0/../../../../riscv-none-embed/lib/rv32imafc/ilp32f\libm.a(lib_a-wf_log.o)
                0x0000000000002f6c                logf
 .text.sqrtf    0x0000000000003066       0xa2 d:/mounriver_studio/mounriver/mounriver_studio/toolchain/risc-v embedded gcc/bin/../lib/gcc/riscv-none-embed/8.2.0/../../../../riscv-none-embed/lib/rv32imafc/ilp32f\libm.a(lib_a-wf_sqrt.o)
                0x0000000000003066                sqrtf
 .text.__ieee754_logf
                0x0000000000003108      0x210 d:/mounriver_studio/mounriver/mounriver_studio/toolchain/risc-v embedded gcc/bin/../lib/gcc/riscv-none-embed/8.2.0/../../../../riscv-none-embed/lib/rv32imafc/ilp32f\libm.a(lib_a-ef_log.o)
                0x0000000000003108                __ieee754_logf
 .text.__ieee754_sqrtf
                0x0000000000003318       0xcc d:/mounriver_studio/mounriver/mounriver_studio/toolchain/risc-v embedded gcc/bin/../lib/gcc/riscv-none-embed/8.2.0/../../../../riscv-none-embed/lib/rv32imafc/ilp32f\libm.a(lib_a-ef_sqrt.o)
                0x0000000000003318                __ieee754_sqrtf
 .text.matherr  0x00000000000033e4        0x4 d:/mounriver_studio/mounriver/mounriver_studio/toolchain/risc-v embedded gcc/bin/../lib/gcc/riscv-none-embed/8.2.0/../../../../riscv-none-embed/lib/rv32imafc/ilp32f\libm.a(lib_a-s_matherr.o)
                0x00000000000033e4                matherr
 .text.nan      0x00000000000033e8        0xe d:/mounriver_studio/mounriver/mounriver_studio/toolchain/risc-v embedded gcc/bin/../lib/gcc/riscv-none-embed/8.2.0/../../../../riscv-none-embed/lib/rv32imafc/ilp32f\libm.a(lib_a-s_nan.o)
                0x00000000000033e8                nan
 .text.__divdf3
                0x00000000000033f6      0x7ea d:/mounriver_studio/mounriver/mounriver_studio/toolchain/risc-v embedded gcc/bin/../lib/gcc/riscv-none-embed/8.2.0/rv32imafc/ilp32f\libgcc.a(divdf3.o)
                0x00000000000033f6                __divdf3
 .text.__muldf3
                0x0000000000003be0      0x656 d:/mounriver_studio/mounriver/mounriver_studio/toolchain/risc-v embedded gcc/bin/../lib/gcc/riscv-none-embed/8.2.0/rv32imafc/ilp32f\libgcc.a(muldf3.o)
                0x0000000000003be0                __muldf3
 .text.__subdf3
                0x0000000000004236      0xa8c d:/mounriver_studio/mounriver/mounriver_studio/toolchain/risc-v embedded gcc/bin/../lib/gcc/riscv-none-embed/8.2.0/rv32imafc/ilp32f\libgcc.a(subdf3.o)
                0x0000000000004236                __subdf3
 .text.__fixunsdfsi
                0x0000000000004cc2       0x9e d:/mounriver_studio/mounriver/mounriver_studio/toolchain/risc-v embedded gcc/bin/../lib/gcc/riscv-none-embed/8.2.0/rv32imafc/ilp32f\libgcc.a(fixunsdfsi.o)
                0x0000000000004cc2                __fixunsdfsi
 .text.__floatunsidf
                0x0000000000004d60       0x66 d:/mounriver_studio/mounriver/mounriver_studio/toolchain/risc-v embedded gcc/bin/../lib/gcc/riscv-none-embed/8.2.0/rv32imafc/ilp32f\libgcc.a(floatunsidf.o)
                0x0000000000004d60                __floatunsidf
 .text.__extendsfdf2
                0x0000000000004dc6       0xe8 d:/mounriver_studio/mounriver/mounriver_studio/toolchain/risc-v embedded gcc/bin/../lib/gcc/riscv-none-embed/8.2.0/rv32imafc/ilp32f\libgcc.a(extendsfdf2.o)
                0x0000000000004dc6                __extendsfdf2
 .text.__truncdfsf2
                0x0000000000004eae      0x31e d:/mounriver_studio/mounriver/mounriver_studio/toolchain/risc-v embedded gcc/bin/../lib/gcc/riscv-none-embed/8.2.0/rv32imafc/ilp32f\libgcc.a(truncdfsf2.o)
                0x0000000000004eae                __truncdfsf2
 .text.__clzsi2
                0x00000000000051cc       0x76 d:/mounriver_studio/mounriver/mounriver_studio/toolchain/risc-v embedded gcc/bin/../lib/gcc/riscv-none-embed/8.2.0/rv32imafc/ilp32f\libgcc.a(_clzsi2.o)
                0x00000000000051cc                __clzsi2
 .text.__errno  0x0000000000005242        0x8 d:/mounriver_studio/mounriver/mounriver_studio/toolchain/risc-v embedded gcc/bin/../lib/gcc/riscv-none-embed/8.2.0/../../../../riscv-none-embed/lib/rv32imafc/ilp32f\libc_nano.a(lib_a-errno.o)
                0x0000000000005242                __errno
 .text.printf   0x000000000000524a       0x40 d:/mounriver_studio/mounriver/mounriver_studio/toolchain/risc-v embedded gcc/bin/../lib/gcc/riscv-none-embed/8.2.0/../../../../riscv-none-embed/lib/rv32imafc/ilp32f\libc_nano.a(lib_a-printf.o)
                0x000000000000524a                iprintf
                0x000000000000524a                printf
 .text._puts_r  0x000000000000528a       0xda d:/mounriver_studio/mounriver/mounriver_studio/toolchain/risc-v embedded gcc/bin/../lib/gcc/riscv-none-embed/8.2.0/../../../../riscv-none-embed/lib/rv32imafc/ilp32f\libc_nano.a(lib_a-puts.o)
                0x000000000000528a                _puts_r
 .text.puts     0x0000000000005364        0xa d:/mounriver_studio/mounriver/mounriver_studio/toolchain/risc-v embedded gcc/bin/../lib/gcc/riscv-none-embed/8.2.0/../../../../riscv-none-embed/lib/rv32imafc/ilp32f\libc_nano.a(lib_a-puts.o)
                0x0000000000005364                puts
 .text._vsnprintf_r
                0x000000000000536e       0x60 d:/mounriver_studio/mounriver/mounriver_studio/toolchain/risc-v embedded gcc/bin/../lib/gcc/riscv-none-embed/8.2.0/../../../../riscv-none-embed/lib/rv32imafc/ilp32f\libc_nano.a(lib_a-vsnprintf.o)
                0x000000000000536e                _vsniprintf_r
                0x000000000000536e                _vsnprintf_r
 .text.vsnprintf
                0x00000000000053ce       0x10 d:/mounriver_studio/mounriver/mounriver_studio/toolchain/risc-v embedded gcc/bin/../lib/gcc/riscv-none-embed/8.2.0/../../../../riscv-none-embed/lib/rv32imafc/ilp32f\libc_nano.a(lib_a-vsnprintf.o)
                0x00000000000053ce                vsniprintf
                0x00000000000053ce                vsnprintf
 .text.__swbuf_r
                0x00000000000053de       0xc0 d:/mounriver_studio/mounriver/mounriver_studio/toolchain/risc-v embedded gcc/bin/../lib/gcc/riscv-none-embed/8.2.0/../../../../riscv-none-embed/lib/rv32imafc/ilp32f\libc_nano.a(lib_a-wbuf.o)
                0x00000000000053de                __swbuf_r
 .text.__swsetup_r
                0x000000000000549e      0x10c d:/mounriver_studio/mounriver/mounriver_studio/toolchain/risc-v embedded gcc/bin/../lib/gcc/riscv-none-embed/8.2.0/../../../../riscv-none-embed/lib/rv32imafc/ilp32f\libc_nano.a(lib_a-wsetup.o)
                0x000000000000549e                __swsetup_r
 .text.__sflush_r
                0x00000000000055aa      0x13c d:/mounriver_studio/mounriver/mounriver_studio/toolchain/risc-v embedded gcc/bin/../lib/gcc/riscv-none-embed/8.2.0/../../../../riscv-none-embed/lib/rv32imafc/ilp32f\libc_nano.a(lib_a-fflush.o)
                0x00000000000055aa                __sflush_r
 .text._fflush_r
                0x00000000000056e6       0x64 d:/mounriver_studio/mounriver/mounriver_studio/toolchain/risc-v embedded gcc/bin/../lib/gcc/riscv-none-embed/8.2.0/../../../../riscv-none-embed/lib/rv32imafc/ilp32f\libc_nano.a(lib_a-fflush.o)
                0x00000000000056e6                _fflush_r
 .text.std      0x000000000000574a       0x6a d:/mounriver_studio/mounriver/mounriver_studio/toolchain/risc-v embedded gcc/bin/../lib/gcc/riscv-none-embed/8.2.0/../../../../riscv-none-embed/lib/rv32imafc/ilp32f\libc_nano.a(lib_a-findfp.o)
 .text._cleanup_r
                0x00000000000057b4        0xa d:/mounriver_studio/mounriver/mounriver_studio/toolchain/risc-v embedded gcc/bin/../lib/gcc/riscv-none-embed/8.2.0/../../../../riscv-none-embed/lib/rv32imafc/ilp32f\libc_nano.a(lib_a-findfp.o)
                0x00000000000057b4                _cleanup_r
 .text.__sfmoreglue
                0x00000000000057be       0x46 d:/mounriver_studio/mounriver/mounriver_studio/toolchain/risc-v embedded gcc/bin/../lib/gcc/riscv-none-embed/8.2.0/../../../../riscv-none-embed/lib/rv32imafc/ilp32f\libc_nano.a(lib_a-findfp.o)
                0x00000000000057be                __sfmoreglue
 .text.__sinit  0x0000000000005804       0x66 d:/mounriver_studio/mounriver/mounriver_studio/toolchain/risc-v embedded gcc/bin/../lib/gcc/riscv-none-embed/8.2.0/../../../../riscv-none-embed/lib/rv32imafc/ilp32f\libc_nano.a(lib_a-findfp.o)
                0x0000000000005804                __sinit
 .text.__sfp    0x000000000000586a       0x9c d:/mounriver_studio/mounriver/mounriver_studio/toolchain/risc-v embedded gcc/bin/../lib/gcc/riscv-none-embed/8.2.0/../../../../riscv-none-embed/lib/rv32imafc/ilp32f\libc_nano.a(lib_a-findfp.o)
                0x000000000000586a                __sfp
 .text._fwalk_reent
                0x0000000000005906       0x6c d:/mounriver_studio/mounriver/mounriver_studio/toolchain/risc-v embedded gcc/bin/../lib/gcc/riscv-none-embed/8.2.0/../../../../riscv-none-embed/lib/rv32imafc/ilp32f\libc_nano.a(lib_a-fwalk.o)
                0x0000000000005906                _fwalk_reent
 .text.__swhatbuf_r
                0x0000000000005972       0x5a d:/mounriver_studio/mounriver/mounriver_studio/toolchain/risc-v embedded gcc/bin/../lib/gcc/riscv-none-embed/8.2.0/../../../../riscv-none-embed/lib/rv32imafc/ilp32f\libc_nano.a(lib_a-makebuf.o)
                0x0000000000005972                __swhatbuf_r
 .text.__smakebuf_r
                0x00000000000059cc       0x9e d:/mounriver_studio/mounriver/mounriver_studio/toolchain/risc-v embedded gcc/bin/../lib/gcc/riscv-none-embed/8.2.0/../../../../riscv-none-embed/lib/rv32imafc/ilp32f\libc_nano.a(lib_a-makebuf.o)
                0x00000000000059cc                __smakebuf_r
 .text._free_r  0x0000000000005a6a       0xa8 d:/mounriver_studio/mounriver/mounriver_studio/toolchain/risc-v embedded gcc/bin/../lib/gcc/riscv-none-embed/8.2.0/../../../../riscv-none-embed/lib/rv32imafc/ilp32f\libc_nano.a(lib_a-nano-freer.o)
                0x0000000000005a6a                _free_r
 .text._malloc_r
                0x0000000000005b12       0xda d:/mounriver_studio/mounriver/mounriver_studio/toolchain/risc-v embedded gcc/bin/../lib/gcc/riscv-none-embed/8.2.0/../../../../riscv-none-embed/lib/rv32imafc/ilp32f\libc_nano.a(lib_a-nano-mallocr.o)
                0x0000000000005b12                _malloc_r
 .text.__ssputs_r
                0x0000000000005bec       0xec d:/mounriver_studio/mounriver/mounriver_studio/toolchain/risc-v embedded gcc/bin/../lib/gcc/riscv-none-embed/8.2.0/../../../../riscv-none-embed/lib/rv32imafc/ilp32f\libc_nano.a(lib_a-nano-svfprintf.o)
                0x0000000000005bec                __ssputs_r
 .text._svfprintf_r
                0x0000000000005cd8      0x280 d:/mounriver_studio/mounriver/mounriver_studio/toolchain/risc-v embedded gcc/bin/../lib/gcc/riscv-none-embed/8.2.0/../../../../riscv-none-embed/lib/rv32imafc/ilp32f\libc_nano.a(lib_a-nano-svfprintf.o)
                0x0000000000005cd8                _svfiprintf_r
                0x0000000000005cd8                _svfprintf_r
 .text.__sfputc_r
                0x0000000000005f58       0x2a d:/mounriver_studio/mounriver/mounriver_studio/toolchain/risc-v embedded gcc/bin/../lib/gcc/riscv-none-embed/8.2.0/../../../../riscv-none-embed/lib/rv32imafc/ilp32f\libc_nano.a(lib_a-nano-vfprintf.o)
 .text.__sfputs_r
                0x0000000000005f82       0x42 d:/mounriver_studio/mounriver/mounriver_studio/toolchain/risc-v embedded gcc/bin/../lib/gcc/riscv-none-embed/8.2.0/../../../../riscv-none-embed/lib/rv32imafc/ilp32f\libc_nano.a(lib_a-nano-vfprintf.o)
                0x0000000000005f82                __sfputs_r
 .text._vfprintf_r
                0x0000000000005fc4      0x29a d:/mounriver_studio/mounriver/mounriver_studio/toolchain/risc-v embedded gcc/bin/../lib/gcc/riscv-none-embed/8.2.0/../../../../riscv-none-embed/lib/rv32imafc/ilp32f\libc_nano.a(lib_a-nano-vfprintf.o)
                0x0000000000005fc4                _vfprintf_r
                0x0000000000005fc4                _vfiprintf_r
 .text._printf_common
                0x000000000000625e      0x10c d:/mounriver_studio/mounriver/mounriver_studio/toolchain/risc-v embedded gcc/bin/../lib/gcc/riscv-none-embed/8.2.0/../../../../riscv-none-embed/lib/rv32imafc/ilp32f\libc_nano.a(lib_a-nano-vfprintf_i.o)
                0x000000000000625e                _printf_common
 .text._printf_i
                0x000000000000636a      0x2aa d:/mounriver_studio/mounriver/mounriver_studio/toolchain/risc-v embedded gcc/bin/../lib/gcc/riscv-none-embed/8.2.0/../../../../riscv-none-embed/lib/rv32imafc/ilp32f\libc_nano.a(lib_a-nano-vfprintf_i.o)
                0x000000000000636a                _printf_i
 .text._sbrk_r  0x0000000000006614       0x32 d:/mounriver_studio/mounriver/mounriver_studio/toolchain/risc-v embedded gcc/bin/../lib/gcc/riscv-none-embed/8.2.0/../../../../riscv-none-embed/lib/rv32imafc/ilp32f\libc_nano.a(lib_a-sbrkr.o)
                0x0000000000006614                _sbrk_r
 .text.__sread  0x0000000000006646       0x30 d:/mounriver_studio/mounriver/mounriver_studio/toolchain/risc-v embedded gcc/bin/../lib/gcc/riscv-none-embed/8.2.0/../../../../riscv-none-embed/lib/rv32imafc/ilp32f\libc_nano.a(lib_a-stdio.o)
                0x0000000000006646                __sread
 .text.__swrite
                0x0000000000006676       0x4e d:/mounriver_studio/mounriver/mounriver_studio/toolchain/risc-v embedded gcc/bin/../lib/gcc/riscv-none-embed/8.2.0/../../../../riscv-none-embed/lib/rv32imafc/ilp32f\libc_nano.a(lib_a-stdio.o)
                0x0000000000006676                __swrite
 .text.__sseek  0x00000000000066c4       0x36 d:/mounriver_studio/mounriver/mounriver_studio/toolchain/risc-v embedded gcc/bin/../lib/gcc/riscv-none-embed/8.2.0/../../../../riscv-none-embed/lib/rv32imafc/ilp32f\libc_nano.a(lib_a-stdio.o)
                0x00000000000066c4                __sseek
 .text.__sclose
                0x00000000000066fa        0x6 d:/mounriver_studio/mounriver/mounriver_studio/toolchain/risc-v embedded gcc/bin/../lib/gcc/riscv-none-embed/8.2.0/../../../../riscv-none-embed/lib/rv32imafc/ilp32f\libc_nano.a(lib_a-stdio.o)
                0x00000000000066fa                __sclose
 .text._write_r
                0x0000000000006700       0x36 d:/mounriver_studio/mounriver/mounriver_studio/toolchain/risc-v embedded gcc/bin/../lib/gcc/riscv-none-embed/8.2.0/../../../../riscv-none-embed/lib/rv32imafc/ilp32f\libc_nano.a(lib_a-writer.o)
                0x0000000000006700                _write_r
 .text._close_r
                0x0000000000006736       0x30 d:/mounriver_studio/mounriver/mounriver_studio/toolchain/risc-v embedded gcc/bin/../lib/gcc/riscv-none-embed/8.2.0/../../../../riscv-none-embed/lib/rv32imafc/ilp32f\libc_nano.a(lib_a-closer.o)
                0x0000000000006736                _close_r
 .text._fstat_r
                0x0000000000006766       0x32 d:/mounriver_studio/mounriver/mounriver_studio/toolchain/risc-v embedded gcc/bin/../lib/gcc/riscv-none-embed/8.2.0/../../../../riscv-none-embed/lib/rv32imafc/ilp32f\libc_nano.a(lib_a-fstatr.o)
                0x0000000000006766                _fstat_r
 .text._isatty_r
                0x0000000000006798       0x30 d:/mounriver_studio/mounriver/mounriver_studio/toolchain/risc-v embedded gcc/bin/../lib/gcc/riscv-none-embed/8.2.0/../../../../riscv-none-embed/lib/rv32imafc/ilp32f\libc_nano.a(lib_a-isattyr.o)
                0x0000000000006798                _isatty_r
 .text._lseek_r
                0x00000000000067c8       0x34 d:/mounriver_studio/mounriver/mounriver_studio/toolchain/risc-v embedded gcc/bin/../lib/gcc/riscv-none-embed/8.2.0/../../../../riscv-none-embed/lib/rv32imafc/ilp32f\libc_nano.a(lib_a-lseekr.o)
                0x00000000000067c8                _lseek_r
 .text.memchr   0x00000000000067fc       0x1a d:/mounriver_studio/mounriver/mounriver_studio/toolchain/risc-v embedded gcc/bin/../lib/gcc/riscv-none-embed/8.2.0/../../../../riscv-none-embed/lib/rv32imafc/ilp32f\libc_nano.a(lib_a-memchr.o)
                0x00000000000067fc                memchr
 .text.memcpy   0x0000000000006816       0xb6 d:/mounriver_studio/mounriver/mounriver_studio/toolchain/risc-v embedded gcc/bin/../lib/gcc/riscv-none-embed/8.2.0/../../../../riscv-none-embed/lib/rv32imafc/ilp32f\libc_nano.a(lib_a-memcpy.o)
                0x0000000000006816                memcpy
 .text.memmove  0x00000000000068cc       0x4a d:/mounriver_studio/mounriver/mounriver_studio/toolchain/risc-v embedded gcc/bin/../lib/gcc/riscv-none-embed/8.2.0/../../../../riscv-none-embed/lib/rv32imafc/ilp32f\libc_nano.a(lib_a-memmove.o)
                0x00000000000068cc                memmove
 .text.__malloc_lock
                0x0000000000006916        0x2 d:/mounriver_studio/mounriver/mounriver_studio/toolchain/risc-v embedded gcc/bin/../lib/gcc/riscv-none-embed/8.2.0/../../../../riscv-none-embed/lib/rv32imafc/ilp32f\libc_nano.a(lib_a-mlock.o)
                0x0000000000006916                __malloc_lock
 .text.__malloc_unlock
                0x0000000000006918        0x2 d:/mounriver_studio/mounriver/mounriver_studio/toolchain/risc-v embedded gcc/bin/../lib/gcc/riscv-none-embed/8.2.0/../../../../riscv-none-embed/lib/rv32imafc/ilp32f\libc_nano.a(lib_a-mlock.o)
                0x0000000000006918                __malloc_unlock
 .text._realloc_r
                0x000000000000691a       0x58 d:/mounriver_studio/mounriver/mounriver_studio/toolchain/risc-v embedded gcc/bin/../lib/gcc/riscv-none-embed/8.2.0/../../../../riscv-none-embed/lib/rv32imafc/ilp32f\libc_nano.a(lib_a-nano-reallocr.o)
                0x000000000000691a                _realloc_r
 .text._read_r  0x0000000000006972       0x34 d:/mounriver_studio/mounriver/mounriver_studio/toolchain/risc-v embedded gcc/bin/../lib/gcc/riscv-none-embed/8.2.0/../../../../riscv-none-embed/lib/rv32imafc/ilp32f\libc_nano.a(lib_a-readr.o)
                0x0000000000006972                _read_r
 .text._malloc_usable_size_r
                0x00000000000069a6       0x14 d:/mounriver_studio/mounriver/mounriver_studio/toolchain/risc-v embedded gcc/bin/../lib/gcc/riscv-none-embed/8.2.0/../../../../riscv-none-embed/lib/rv32imafc/ilp32f\libc_nano.a(lib_a-nano-msizer.o)
                0x00000000000069a6                _malloc_usable_size_r
 .text._close   0x00000000000069ba       0x10 d:/mounriver_studio/mounriver/mounriver_studio/toolchain/risc-v embedded gcc/bin/../lib/gcc/riscv-none-embed/8.2.0/../../../../riscv-none-embed/lib/rv32imafc/ilp32f\libnosys.a(close.o)
                0x00000000000069ba                _close
 .text._fstat   0x00000000000069ca       0x10 d:/mounriver_studio/mounriver/mounriver_studio/toolchain/risc-v embedded gcc/bin/../lib/gcc/riscv-none-embed/8.2.0/../../../../riscv-none-embed/lib/rv32imafc/ilp32f\libnosys.a(fstat.o)
                0x00000000000069ca                _fstat
 .text._isatty  0x00000000000069da       0x10 d:/mounriver_studio/mounriver/mounriver_studio/toolchain/risc-v embedded gcc/bin/../lib/gcc/riscv-none-embed/8.2.0/../../../../riscv-none-embed/lib/rv32imafc/ilp32f\libnosys.a(isatty.o)
                0x00000000000069da                _isatty
 .text._lseek   0x00000000000069ea       0x10 d:/mounriver_studio/mounriver/mounriver_studio/toolchain/risc-v embedded gcc/bin/../lib/gcc/riscv-none-embed/8.2.0/../../../../riscv-none-embed/lib/rv32imafc/ilp32f\libnosys.a(lseek.o)
                0x00000000000069ea                _lseek
 .text._read    0x00000000000069fa       0x10 d:/mounriver_studio/mounriver/mounriver_studio/toolchain/risc-v embedded gcc/bin/../lib/gcc/riscv-none-embed/8.2.0/../../../../riscv-none-embed/lib/rv32imafc/ilp32f\libnosys.a(read.o)
                0x00000000000069fa                _read
 *(.rodata)
 *(.rodata*)
 *fill*         0x0000000000006a0a        0x2 
 .rodata.voice_init.str1.4
                0x0000000000006a0c        0xd ./User/Get_Data.o
 *fill*         0x0000000000006a19        0x3 
 .rodata.asc2_1608
                0x0000000000006a1c      0x5e0 ./User/lcd.o
                0x0000000000006a1c                asc2_1608
 .rodata.asc2_2412
                0x0000000000006ffc     0x11a0 ./User/lcd.o
                0x0000000000006ffc                asc2_2412
 .rodata.asc2_3216
                0x000000000000819c     0x1780 ./User/lcd.o
                0x000000000000819c                asc2_3216
 .rodata.chinese_char
                0x000000000000991c      0x168 ./User/lcd.o
                0x000000000000991c                chinese_char
 .rodata.lcd_init.str1.4
                0x0000000000009a84        0xa ./User/lcd.o
 *fill*         0x0000000000009a8e        0x2 
 .rodata.lcd_show_char.str1.4
                0x0000000000009a90       0x4a ./User/lcd.o
 *fill*         0x0000000000009ada        0x2 
 .rodata.lcd_show_string.str1.4
                0x0000000000009adc       0x1e ./User/lcd.o
 *fill*         0x0000000000009afa        0x2 
 .rodata.main.str1.4
                0x0000000000009afc       0x95 ./User/main.o
 *fill*         0x0000000000009b91        0x3 
 .rodata.parameters_practice.str1.4
                0x0000000000009b94       0x9f ./User/main.o
 *fill*         0x0000000000009c33        0x1 
 .rodata.str1.4
                0x0000000000009c34       0xc3 ./User/main.o
 *fill*         0x0000000000009cf7        0x1 
 .rodata.voice_recongition.str1.4
                0x0000000000009cf8       0x3c ./User/main.o
 .rodata.voice_record.str1.4
                0x0000000000009d34        0xd ./User/main.o
 *fill*         0x0000000000009d41        0x7 
 .rodata.environment_noise.cst8
                0x0000000000009d48        0x8 D:/794QYH/EE/MCU/CH32V307VCT6/EVT/EXAM/VoiceRcgExam/VoiceRcg/User/libVoiceRcg.a(activedetect.o)
 .rodata.calc_mfcc_chara_para.cst4
                0x0000000000009d50        0x4 D:/794QYH/EE/MCU/CH32V307VCT6/EVT/EXAM/VoiceRcgExam/VoiceRcg/User/libVoiceRcg.a(calcmfcc.o)
 *fill*         0x0000000000009d54        0x4 
 .rodata.calc_mfcc_chara_para.cst8
                0x0000000000009d58        0x8 D:/794QYH/EE/MCU/CH32V307VCT6/EVT/EXAM/VoiceRcgExam/VoiceRcg/User/libVoiceRcg.a(calcmfcc.o)
 .rodata.cos_tab
                0x0000000000009d60      0x800 D:/794QYH/EE/MCU/CH32V307VCT6/EVT/EXAM/VoiceRcgExam/VoiceRcg/User/libVoiceRcg.a(calcmfcc.o)
                0x0000000000009d60                cos_tab
 .rodata.dct_arg
                0x000000000000a560      0x480 D:/794QYH/EE/MCU/CH32V307VCT6/EVT/EXAM/VoiceRcgExam/VoiceRcg/User/libVoiceRcg.a(calcmfcc.o)
                0x000000000000a560                dct_arg
 .rodata.hamm   0x000000000000a9e0      0x280 D:/794QYH/EE/MCU/CH32V307VCT6/EVT/EXAM/VoiceRcgExam/VoiceRcg/User/libVoiceRcg.a(calcmfcc.o)
                0x000000000000a9e0                hamm
 .rodata.sin_tab
                0x000000000000ac60      0x800 D:/794QYH/EE/MCU/CH32V307VCT6/EVT/EXAM/VoiceRcgExam/VoiceRcg/User/libVoiceRcg.a(calcmfcc.o)
                0x000000000000ac60                sin_tab
 .rodata.tri_cen
                0x000000000000b460       0x30 D:/794QYH/EE/MCU/CH32V307VCT6/EVT/EXAM/VoiceRcgExam/VoiceRcg/User/libVoiceRcg.a(calcmfcc.o)
                0x000000000000b460                tri_cen
 .rodata.tri_even
                0x000000000000b490      0x400 D:/794QYH/EE/MCU/CH32V307VCT6/EVT/EXAM/VoiceRcgExam/VoiceRcg/User/libVoiceRcg.a(calcmfcc.o)
                0x000000000000b490                tri_even
 .rodata.tri_odd
                0x000000000000b890      0x400 D:/794QYH/EE/MCU/CH32V307VCT6/EVT/EXAM/VoiceRcgExam/VoiceRcg/User/libVoiceRcg.a(calcmfcc.o)
                0x000000000000b890                tri_odd
 .rodata.get_dis.cst4
                0x000000000000bc90        0x4 D:/794QYH/EE/MCU/CH32V307VCT6/EVT/EXAM/VoiceRcgExam/VoiceRcg/User/libVoiceRcg.a(match.o)
 *fill*         0x000000000000bc94        0x4 
 .rodata.logf.cst8
                0x000000000000bc98       0x10 d:/mounriver_studio/mounriver/mounriver_studio/toolchain/risc-v embedded gcc/bin/../lib/gcc/riscv-none-embed/8.2.0/../../../../riscv-none-embed/lib/rv32imafc/ilp32f\libm.a(lib_a-wf_log.o)
 .rodata.logf.str1.4
                0x000000000000bca8        0x5 d:/mounriver_studio/mounriver/mounriver_studio/toolchain/risc-v embedded gcc/bin/../lib/gcc/riscv-none-embed/8.2.0/../../../../riscv-none-embed/lib/rv32imafc/ilp32f\libm.a(lib_a-wf_log.o)
                                          0x9 (size before relaxing)
 *fill*         0x000000000000bcad        0x3 
 .rodata.sqrtf.str1.4
                0x000000000000bcb0        0x6 d:/mounriver_studio/mounriver/mounriver_studio/toolchain/risc-v embedded gcc/bin/../lib/gcc/riscv-none-embed/8.2.0/../../../../riscv-none-embed/lib/rv32imafc/ilp32f\libm.a(lib_a-wf_sqrt.o)
 *fill*         0x000000000000bcb6        0x2 
 .rodata.__ieee754_logf.cst4
                0x000000000000bcb8       0x3c d:/mounriver_studio/mounriver/mounriver_studio/toolchain/risc-v embedded gcc/bin/../lib/gcc/riscv-none-embed/8.2.0/../../../../riscv-none-embed/lib/rv32imafc/ilp32f\libm.a(lib_a-ef_log.o)
 *fill*         0x000000000000bcf4        0x4 
 .rodata.nan.cst8
                0x000000000000bcf8        0x8 d:/mounriver_studio/mounriver/mounriver_studio/toolchain/risc-v embedded gcc/bin/../lib/gcc/riscv-none-embed/8.2.0/../../../../riscv-none-embed/lib/rv32imafc/ilp32f\libm.a(lib_a-s_nan.o)
 .rodata.__divdf3
                0x000000000000bd00       0x40 d:/mounriver_studio/mounriver/mounriver_studio/toolchain/risc-v embedded gcc/bin/../lib/gcc/riscv-none-embed/8.2.0/rv32imafc/ilp32f\libgcc.a(divdf3.o)
 .rodata.__muldf3
                0x000000000000bd40       0x40 d:/mounriver_studio/mounriver/mounriver_studio/toolchain/risc-v embedded gcc/bin/../lib/gcc/riscv-none-embed/8.2.0/rv32imafc/ilp32f\libgcc.a(muldf3.o)
 .rodata.__clz_tab
                0x000000000000bd80      0x100 d:/mounriver_studio/mounriver/mounriver_studio/toolchain/risc-v embedded gcc/bin/../lib/gcc/riscv-none-embed/8.2.0/rv32imafc/ilp32f\libgcc.a(_clz.o)
                0x000000000000bd80                __clz_tab
 .rodata.__sf_fake_stderr
                0x000000000000be80       0x20 d:/mounriver_studio/mounriver/mounriver_studio/toolchain/risc-v embedded gcc/bin/../lib/gcc/riscv-none-embed/8.2.0/../../../../riscv-none-embed/lib/rv32imafc/ilp32f\libc_nano.a(lib_a-findfp.o)
                0x000000000000be80                __sf_fake_stderr
 .rodata.__sf_fake_stdin
                0x000000000000bea0       0x20 d:/mounriver_studio/mounriver/mounriver_studio/toolchain/risc-v embedded gcc/bin/../lib/gcc/riscv-none-embed/8.2.0/../../../../riscv-none-embed/lib/rv32imafc/ilp32f\libc_nano.a(lib_a-findfp.o)
                0x000000000000bea0                __sf_fake_stdin
 .rodata.__sf_fake_stdout
                0x000000000000bec0       0x20 d:/mounriver_studio/mounriver/mounriver_studio/toolchain/risc-v embedded gcc/bin/../lib/gcc/riscv-none-embed/8.2.0/../../../../riscv-none-embed/lib/rv32imafc/ilp32f\libc_nano.a(lib_a-findfp.o)
                0x000000000000bec0                __sf_fake_stdout
 .rodata._svfprintf_r.str1.4
                0x000000000000bee0       0x13 d:/mounriver_studio/mounriver/mounriver_studio/toolchain/risc-v embedded gcc/bin/../lib/gcc/riscv-none-embed/8.2.0/../../../../riscv-none-embed/lib/rv32imafc/ilp32f\libc_nano.a(lib_a-nano-svfprintf.o)
 .rodata._vfprintf_r.str1.4
                0x000000000000bef3       0x13 d:/mounriver_studio/mounriver/mounriver_studio/toolchain/risc-v embedded gcc/bin/../lib/gcc/riscv-none-embed/8.2.0/../../../../riscv-none-embed/lib/rv32imafc/ilp32f\libc_nano.a(lib_a-nano-vfprintf.o)
 *fill*         0x000000000000bef3        0x1 
 .rodata._printf_i.str1.4
                0x000000000000bef4       0x28 d:/mounriver_studio/mounriver/mounriver_studio/toolchain/risc-v embedded gcc/bin/../lib/gcc/riscv-none-embed/8.2.0/../../../../riscv-none-embed/lib/rv32imafc/ilp32f\libc_nano.a(lib_a-nano-vfprintf_i.o)
                                         0x25 (size before relaxing)
 *(.glue_7)
 *(.glue_7t)
 *(.gnu.linkonce.t.*)
                0x000000000000bf1c                . = ALIGN (0x4)

.rela.dyn       0x000000000000bf1c        0x0
 .rela.init     0x000000000000bf1c        0x0 ./User/Get_Data.o
 .rela.vector   0x000000000000bf1c        0x0 ./User/Get_Data.o
 .rela.text.handle_reset
                0x000000000000bf1c        0x0 ./User/Get_Data.o
 .rela.text._sbrk
                0x000000000000bf1c        0x0 ./User/Get_Data.o
 .rela.sdata.curbrk.5231
                0x000000000000bf1c        0x0 ./User/Get_Data.o
 .rela.text._svfprintf_r
                0x000000000000bf1c        0x0 ./User/Get_Data.o
 .rela.text._vfprintf_r
                0x000000000000bf1c        0x0 ./User/Get_Data.o
 .rela.text._sbrk_r
                0x000000000000bf1c        0x0 ./User/Get_Data.o
 .rela.text._write_r
                0x000000000000bf1c        0x0 ./User/Get_Data.o
 .rela.text._close_r
                0x000000000000bf1c        0x0 ./User/Get_Data.o
 .rela.text._fstat_r
                0x000000000000bf1c        0x0 ./User/Get_Data.o
 .rela.text._isatty_r
                0x000000000000bf1c        0x0 ./User/Get_Data.o
 .rela.text._lseek_r
                0x000000000000bf1c        0x0 ./User/Get_Data.o
 .rela.text._read_r
                0x000000000000bf1c        0x0 ./User/Get_Data.o
 .rela.text._close
                0x000000000000bf1c        0x0 ./User/Get_Data.o
 .rela.text._fstat
                0x000000000000bf1c        0x0 ./User/Get_Data.o
 .rela.text._isatty
                0x000000000000bf1c        0x0 ./User/Get_Data.o
 .rela.text._lseek
                0x000000000000bf1c        0x0 ./User/Get_Data.o
 .rela.text._read
                0x000000000000bf1c        0x0 ./User/Get_Data.o

.fini           0x000000000000bf1c        0x0
 *(SORT_NONE(.fini))
                0x000000000000bf1c                . = ALIGN (0x4)
                [!provide]                        PROVIDE (_etext = .)
                [!provide]                        PROVIDE (_eitcm = .)

.preinit_array  0x000000000000bf1c        0x0
                [!provide]                        PROVIDE (__preinit_array_start = .)
 *(.preinit_array)
                [!provide]                        PROVIDE (__preinit_array_end = .)

.init_array     0x000000000000bf1c        0x0
                [!provide]                        PROVIDE (__init_array_start = .)
 *(SORT_BY_INIT_PRIORITY(.init_array.*) SORT_BY_INIT_PRIORITY(.ctors.*))
 *(.init_array EXCLUDE_FILE(*crtend?.o *crtend.o *crtbegin?.o *crtbegin.o) .ctors)
                [!provide]                        PROVIDE (__init_array_end = .)

.fini_array     0x000000000000bf1c        0x0
                [!provide]                        PROVIDE (__fini_array_start = .)
 *(SORT_BY_INIT_PRIORITY(.fini_array.*) SORT_BY_INIT_PRIORITY(.dtors.*))
 *(.fini_array EXCLUDE_FILE(*crtend?.o *crtend.o *crtbegin?.o *crtbegin.o) .dtors)
                [!provide]                        PROVIDE (__fini_array_end = .)

.ctors
 *crtbegin.o(.ctors)
 *crtbegin?.o(.ctors)
 *(EXCLUDE_FILE(*crtend?.o *crtend.o) .ctors)
 *(SORT_BY_NAME(.ctors.*))
 *(.ctors)

.dtors
 *crtbegin.o(.dtors)
 *crtbegin?.o(.dtors)
 *(EXCLUDE_FILE(*crtend?.o *crtend.o) .dtors)
 *(SORT_BY_NAME(.dtors.*))
 *(.dtors)

.dalign         0x0000000020000000        0x0 load address 0x000000000000bf1c
                0x0000000020000000                . = ALIGN (0x4)
                0x0000000020000000                PROVIDE (_data_vma = .)

.dlalign        0x000000000000bf1c        0x0
                0x000000000000bf1c                . = ALIGN (0x4)
                0x000000000000bf1c                PROVIDE (_data_lma = .)

.data           0x0000000020000000       0xc0 load address 0x000000000000bf1c
 *(.gnu.linkonce.r.*)
 *(.data .data.*)
 .data.key_words
                0x0000000020000000       0x24 ./User/main.o
                0x0000000020000000                key_words
 .data.song_name
                0x0000000020000024        0xc ./User/main.o
                0x0000000020000024                song_name
 .data.APBAHBPrescTable
                0x0000000020000030       0x10 ./Peripheral/src/ch32v30x_rcc.o
 .data.impure_data
                0x0000000020000040       0x60 d:/mounriver_studio/mounriver/mounriver_studio/toolchain/risc-v embedded gcc/bin/../lib/gcc/riscv-none-embed/8.2.0/../../../../riscv-none-embed/lib/rv32imafc/ilp32f\libc_nano.a(lib_a-impure.o)
 *(.gnu.linkonce.d.*)
                0x00000000200000a0                . = ALIGN (0x8)
                0x00000000200008a0                PROVIDE (__global_pointer$ = (. + 0x800))
 *(.sdata .sdata.*)
 .sdata.FORE_COLOR
                0x00000000200000a0        0x2 ./User/lcd.o
                0x00000000200000a0                FORE_COLOR
 .sdata.song_name_index
                0x00000000200000a2        0x1 ./User/main.o
 *fill*         0x00000000200000a3        0x1 
 .sdata.SystemCoreClock
                0x00000000200000a4        0x4 ./User/system_ch32v30x.o
                0x00000000200000a4                SystemCoreClock
 .sdata.ADCPrescTable
                0x00000000200000a8        0x4 ./Peripheral/src/ch32v30x_rcc.o
 .sdata.curbrk.5231
                0x00000000200000ac        0x4 ./Debug/debug.o
 .sdata.__fdlib_version
                0x00000000200000b0        0x4 d:/mounriver_studio/mounriver/mounriver_studio/toolchain/risc-v embedded gcc/bin/../lib/gcc/riscv-none-embed/8.2.0/../../../../riscv-none-embed/lib/rv32imafc/ilp32f\libm.a(lib_a-s_lib_ver.o)
                0x00000000200000b0                __fdlib_version
 .sdata._impure_ptr
                0x00000000200000b4        0x4 d:/mounriver_studio/mounriver/mounriver_studio/toolchain/risc-v embedded gcc/bin/../lib/gcc/riscv-none-embed/8.2.0/../../../../riscv-none-embed/lib/rv32imafc/ilp32f\libc_nano.a(lib_a-impure.o)
                0x00000000200000b4                _impure_ptr
 *(.sdata2.*)
 .sdata2._global_impure_ptr
                0x00000000200000b8        0x4 d:/mounriver_studio/mounriver/mounriver_studio/toolchain/risc-v embedded gcc/bin/../lib/gcc/riscv-none-embed/8.2.0/../../../../riscv-none-embed/lib/rv32imafc/ilp32f\libc_nano.a(lib_a-impure.o)
                0x00000000200000b8                _global_impure_ptr
 *(.gnu.linkonce.s.*)
                0x00000000200000c0                . = ALIGN (0x8)
 *fill*         0x00000000200000bc        0x4 
 *(.srodata.cst16)
 *(.srodata.cst8)
 *(.srodata.cst4)
 *(.srodata.cst2)
 *(.srodata .srodata.*)
                0x00000000200000c0                . = ALIGN (0x4)
                0x00000000200000c0                PROVIDE (_edata = .)

.bss            0x00000000200000c0    0x130bc load address 0x000000000000bfdc
                0x00000000200000c0                . = ALIGN (0x4)
                0x00000000200000c0                PROVIDE (_sbss = .)
 *(.sbss*)
 .sbss.BACK_COLOR
                0x00000000200000c0        0x2 ./User/lcd.o
                0x00000000200000c0                BACK_COLOR
 .sbss.SW1_DOWN
                0x00000000200000c2        0x1 ./User/main.o
                0x00000000200000c2                SW1_DOWN
 .sbss.SW2_DOWN
                0x00000000200000c3        0x1 ./User/main.o
                0x00000000200000c3                SW2_DOWN
 .sbss.active_segment
                0x00000000200000c4        0x8 ./User/main.o
                0x00000000200000c4                active_segment
 .sbss.g_data_ready
                0x00000000200000cc        0x1 ./User/main.o
                0x00000000200000cc                g_data_ready
 *fill*         0x00000000200000cd        0x3 
 .sbss.NVIC_Priority_Group
                0x00000000200000d0        0x4 ./Peripheral/src/ch32v30x_misc.o
                0x00000000200000d0                NVIC_Priority_Group
 .sbss.p_ms     0x00000000200000d4        0x2 ./Debug/debug.o
 .sbss.p_us     0x00000000200000d6        0x1 ./Debug/debug.o
 *fill*         0x00000000200000d7        0x1 
 .sbss.X1       0x00000000200000d8        0x2 D:/794QYH/EE/MCU/CH32V307VCT6/EVT/EXAM/VoiceRcgExam/VoiceRcg/User/libVoiceRcg.a(match.o)
 .sbss.X2       0x00000000200000da        0x2 D:/794QYH/EE/MCU/CH32V307VCT6/EVT/EXAM/VoiceRcgExam/VoiceRcg/User/libVoiceRcg.a(match.o)
 .sbss.in_frm_num
                0x00000000200000dc        0x2 D:/794QYH/EE/MCU/CH32V307VCT6/EVT/EXAM/VoiceRcgExam/VoiceRcg/User/libVoiceRcg.a(match.o)
 .sbss.mdl_frm_num
                0x00000000200000de        0x2 D:/794QYH/EE/MCU/CH32V307VCT6/EVT/EXAM/VoiceRcgExam/VoiceRcg/User/libVoiceRcg.a(match.o)
 .sbss.__malloc_free_list
                0x00000000200000e0        0x4 d:/mounriver_studio/mounriver/mounriver_studio/toolchain/risc-v embedded gcc/bin/../lib/gcc/riscv-none-embed/8.2.0/../../../../riscv-none-embed/lib/rv32imafc/ilp32f\libc_nano.a(lib_a-nano-mallocr.o)
                0x00000000200000e0                __malloc_free_list
 .sbss.__malloc_sbrk_start
                0x00000000200000e4        0x4 d:/mounriver_studio/mounriver/mounriver_studio/toolchain/risc-v embedded gcc/bin/../lib/gcc/riscv-none-embed/8.2.0/../../../../riscv-none-embed/lib/rv32imafc/ilp32f\libc_nano.a(lib_a-nano-mallocr.o)
                0x00000000200000e4                __malloc_sbrk_start
 *(.gnu.linkonce.sb.*)
 *(.bss*)
 .bss.V_Data    0x00000000200000e8     0xfa00 ./User/main.o
                0x00000000200000e8                V_Data
 .bss.chara_para
                0x000000002000fae8     0x1684 ./User/main.o
                0x000000002000fae8                chara_para
 .bss.dtg_para  0x000000002001116c        0xc ./User/main.o
                0x000000002001116c                dtg_para
 .bss.fft_out   0x0000000020011178     0x2000 D:/794QYH/EE/MCU/CH32V307VCT6/EVT/EXAM/VoiceRcgExam/VoiceRcg/User/libVoiceRcg.a(calcmfcc.o)
                0x0000000020011178                fft_out
 *(.gnu.linkonce.b.*)
 *(COMMON*)
 COMMON         0x0000000020013178        0x4 d:/mounriver_studio/mounriver/mounriver_studio/toolchain/risc-v embedded gcc/bin/../lib/gcc/riscv-none-embed/8.2.0/../../../../riscv-none-embed/lib/rv32imafc/ilp32f\libc_nano.a(lib_a-reent.o)
                0x0000000020013178                errno
                0x000000002001317c                . = ALIGN (0x4)
                0x000000002001317c                PROVIDE (_ebss = .)
                0x000000002001317c                PROVIDE (_end = _ebss)
                [!provide]                        PROVIDE (end = .)

.stack          0x000000002001f800      0x800
                0x000000002001f800                PROVIDE (_heap_end = .)
                0x000000002001f800                . = ALIGN (0x4)
                [!provide]                        PROVIDE (_susrstack = .)
                0x0000000020020000                . = (. + __stack_size)
 *fill*         0x000000002001f800      0x800 
                0x0000000020020000                PROVIDE (_eusrstack = .)
OUTPUT(VoiceRcgExam.elf elf32-littleriscv)

.comment        0x0000000000000000       0x33
 .comment       0x0000000000000000       0x33 ./User/Get_Data.o
                                         0x34 (size before relaxing)
 .comment       0x0000000000000033       0x34 ./User/ch32v30x_it.o
 .comment       0x0000000000000033       0x34 ./User/es8388.o
 .comment       0x0000000000000033       0x34 ./User/lcd.o
 .comment       0x0000000000000033       0x34 ./User/main.o
 .comment       0x0000000000000033       0x34 ./User/system_ch32v30x.o
 .comment       0x0000000000000033       0x34 ./Peripheral/src/ch32v30x_dma.o
 .comment       0x0000000000000033       0x34 ./Peripheral/src/ch32v30x_flash.o
 .comment       0x0000000000000033       0x34 ./Peripheral/src/ch32v30x_fsmc.o
 .comment       0x0000000000000033       0x34 ./Peripheral/src/ch32v30x_gpio.o
 .comment       0x0000000000000033       0x34 ./Peripheral/src/ch32v30x_i2c.o
 .comment       0x0000000000000033       0x34 ./Peripheral/src/ch32v30x_misc.o
 .comment       0x0000000000000033       0x34 ./Peripheral/src/ch32v30x_rcc.o
 .comment       0x0000000000000033       0x34 ./Peripheral/src/ch32v30x_spi.o
 .comment       0x0000000000000033       0x34 ./Peripheral/src/ch32v30x_usart.o
 .comment       0x0000000000000033       0x34 ./Debug/debug.o
 .comment       0x0000000000000033       0x34 D:/794QYH/EE/MCU/CH32V307VCT6/EVT/EXAM/VoiceRcgExam/VoiceRcg/User/libVoiceRcg.a(activedetect.o)
 .comment       0x0000000000000033       0x34 D:/794QYH/EE/MCU/CH32V307VCT6/EVT/EXAM/VoiceRcgExam/VoiceRcg/User/libVoiceRcg.a(calcmfcc.o)
 .comment       0x0000000000000033       0x34 D:/794QYH/EE/MCU/CH32V307VCT6/EVT/EXAM/VoiceRcgExam/VoiceRcg/User/libVoiceRcg.a(chipflash.o)
 .comment       0x0000000000000033       0x34 D:/794QYH/EE/MCU/CH32V307VCT6/EVT/EXAM/VoiceRcgExam/VoiceRcg/User/libVoiceRcg.a(match.o)

.debug_frame    0x0000000000000000      0xdd0
 .debug_frame   0x0000000000000000       0x4c d:/mounriver_studio/mounriver/mounriver_studio/toolchain/risc-v embedded gcc/bin/../lib/gcc/riscv-none-embed/8.2.0/../../../../riscv-none-embed/lib/rv32imafc/ilp32f\libm.a(lib_a-wf_log.o)
 .debug_frame   0x000000000000004c       0x44 d:/mounriver_studio/mounriver/mounriver_studio/toolchain/risc-v embedded gcc/bin/../lib/gcc/riscv-none-embed/8.2.0/../../../../riscv-none-embed/lib/rv32imafc/ilp32f\libm.a(lib_a-wf_sqrt.o)
 .debug_frame   0x0000000000000090       0x20 d:/mounriver_studio/mounriver/mounriver_studio/toolchain/risc-v embedded gcc/bin/../lib/gcc/riscv-none-embed/8.2.0/../../../../riscv-none-embed/lib/rv32imafc/ilp32f\libm.a(lib_a-ef_log.o)
 .debug_frame   0x00000000000000b0       0x20 d:/mounriver_studio/mounriver/mounriver_studio/toolchain/risc-v embedded gcc/bin/../lib/gcc/riscv-none-embed/8.2.0/../../../../riscv-none-embed/lib/rv32imafc/ilp32f\libm.a(lib_a-ef_sqrt.o)
 .debug_frame   0x00000000000000d0       0x20 d:/mounriver_studio/mounriver/mounriver_studio/toolchain/risc-v embedded gcc/bin/../lib/gcc/riscv-none-embed/8.2.0/../../../../riscv-none-embed/lib/rv32imafc/ilp32f\libm.a(lib_a-s_matherr.o)
 .debug_frame   0x00000000000000f0       0x20 d:/mounriver_studio/mounriver/mounriver_studio/toolchain/risc-v embedded gcc/bin/../lib/gcc/riscv-none-embed/8.2.0/../../../../riscv-none-embed/lib/rv32imafc/ilp32f\libm.a(lib_a-s_nan.o)
 .debug_frame   0x0000000000000110       0x58 d:/mounriver_studio/mounriver/mounriver_studio/toolchain/risc-v embedded gcc/bin/../lib/gcc/riscv-none-embed/8.2.0/rv32imafc/ilp32f\libgcc.a(divdf3.o)
 .debug_frame   0x0000000000000168       0x58 d:/mounriver_studio/mounriver/mounriver_studio/toolchain/risc-v embedded gcc/bin/../lib/gcc/riscv-none-embed/8.2.0/rv32imafc/ilp32f\libgcc.a(muldf3.o)
 .debug_frame   0x00000000000001c0       0x44 d:/mounriver_studio/mounriver/mounriver_studio/toolchain/risc-v embedded gcc/bin/../lib/gcc/riscv-none-embed/8.2.0/rv32imafc/ilp32f\libgcc.a(subdf3.o)
 .debug_frame   0x0000000000000204       0x20 d:/mounriver_studio/mounriver/mounriver_studio/toolchain/risc-v embedded gcc/bin/../lib/gcc/riscv-none-embed/8.2.0/rv32imafc/ilp32f\libgcc.a(fixunsdfsi.o)
 .debug_frame   0x0000000000000224       0x38 d:/mounriver_studio/mounriver/mounriver_studio/toolchain/risc-v embedded gcc/bin/../lib/gcc/riscv-none-embed/8.2.0/rv32imafc/ilp32f\libgcc.a(floatunsidf.o)
 .debug_frame   0x000000000000025c       0x38 d:/mounriver_studio/mounriver/mounriver_studio/toolchain/risc-v embedded gcc/bin/../lib/gcc/riscv-none-embed/8.2.0/rv32imafc/ilp32f\libgcc.a(extendsfdf2.o)
 .debug_frame   0x0000000000000294       0x20 d:/mounriver_studio/mounriver/mounriver_studio/toolchain/risc-v embedded gcc/bin/../lib/gcc/riscv-none-embed/8.2.0/rv32imafc/ilp32f\libgcc.a(truncdfsf2.o)
 .debug_frame   0x00000000000002b4       0x20 d:/mounriver_studio/mounriver/mounriver_studio/toolchain/risc-v embedded gcc/bin/../lib/gcc/riscv-none-embed/8.2.0/rv32imafc/ilp32f\libgcc.a(_clzsi2.o)
 .debug_frame   0x00000000000002d4       0x20 d:/mounriver_studio/mounriver/mounriver_studio/toolchain/risc-v embedded gcc/bin/../lib/gcc/riscv-none-embed/8.2.0/../../../../riscv-none-embed/lib/rv32imafc/ilp32f\libc_nano.a(lib_a-errno.o)
 .debug_frame   0x00000000000002f4       0x54 d:/mounriver_studio/mounriver/mounriver_studio/toolchain/risc-v embedded gcc/bin/../lib/gcc/riscv-none-embed/8.2.0/../../../../riscv-none-embed/lib/rv32imafc/ilp32f\libc_nano.a(lib_a-printf.o)
 .debug_frame   0x0000000000000348       0x54 d:/mounriver_studio/mounriver/mounriver_studio/toolchain/risc-v embedded gcc/bin/../lib/gcc/riscv-none-embed/8.2.0/../../../../riscv-none-embed/lib/rv32imafc/ilp32f\libc_nano.a(lib_a-puts.o)
 .debug_frame   0x000000000000039c       0x48 d:/mounriver_studio/mounriver/mounriver_studio/toolchain/risc-v embedded gcc/bin/../lib/gcc/riscv-none-embed/8.2.0/../../../../riscv-none-embed/lib/rv32imafc/ilp32f\libc_nano.a(lib_a-vsnprintf.o)
 .debug_frame   0x00000000000003e4       0x50 d:/mounriver_studio/mounriver/mounriver_studio/toolchain/risc-v embedded gcc/bin/../lib/gcc/riscv-none-embed/8.2.0/../../../../riscv-none-embed/lib/rv32imafc/ilp32f\libc_nano.a(lib_a-wbuf.o)
 .debug_frame   0x0000000000000434       0x3c d:/mounriver_studio/mounriver/mounriver_studio/toolchain/risc-v embedded gcc/bin/../lib/gcc/riscv-none-embed/8.2.0/../../../../riscv-none-embed/lib/rv32imafc/ilp32f\libc_nano.a(lib_a-wsetup.o)
 .debug_frame   0x0000000000000470       0x7c d:/mounriver_studio/mounriver/mounriver_studio/toolchain/risc-v embedded gcc/bin/../lib/gcc/riscv-none-embed/8.2.0/../../../../riscv-none-embed/lib/rv32imafc/ilp32f\libc_nano.a(lib_a-fflush.o)
 .debug_frame   0x00000000000004ec      0x148 d:/mounriver_studio/mounriver/mounriver_studio/toolchain/risc-v embedded gcc/bin/../lib/gcc/riscv-none-embed/8.2.0/../../../../riscv-none-embed/lib/rv32imafc/ilp32f\libc_nano.a(lib_a-findfp.o)
 .debug_frame   0x0000000000000634       0x88 d:/mounriver_studio/mounriver/mounriver_studio/toolchain/risc-v embedded gcc/bin/../lib/gcc/riscv-none-embed/8.2.0/../../../../riscv-none-embed/lib/rv32imafc/ilp32f\libc_nano.a(lib_a-fwalk.o)
 .debug_frame   0x00000000000006bc       0x64 d:/mounriver_studio/mounriver/mounriver_studio/toolchain/risc-v embedded gcc/bin/../lib/gcc/riscv-none-embed/8.2.0/../../../../riscv-none-embed/lib/rv32imafc/ilp32f\libc_nano.a(lib_a-makebuf.o)
 .debug_frame   0x0000000000000720       0x40 d:/mounriver_studio/mounriver/mounriver_studio/toolchain/risc-v embedded gcc/bin/../lib/gcc/riscv-none-embed/8.2.0/../../../../riscv-none-embed/lib/rv32imafc/ilp32f\libc_nano.a(lib_a-nano-freer.o)
 .debug_frame   0x0000000000000760       0x40 d:/mounriver_studio/mounriver/mounriver_studio/toolchain/risc-v embedded gcc/bin/../lib/gcc/riscv-none-embed/8.2.0/../../../../riscv-none-embed/lib/rv32imafc/ilp32f\libc_nano.a(lib_a-nano-mallocr.o)
 .debug_frame   0x00000000000007a0       0xe0 d:/mounriver_studio/mounriver/mounriver_studio/toolchain/risc-v embedded gcc/bin/../lib/gcc/riscv-none-embed/8.2.0/../../../../riscv-none-embed/lib/rv32imafc/ilp32f\libc_nano.a(lib_a-nano-svfprintf.o)
 .debug_frame   0x0000000000000880       0xd0 d:/mounriver_studio/mounriver/mounriver_studio/toolchain/risc-v embedded gcc/bin/../lib/gcc/riscv-none-embed/8.2.0/../../../../riscv-none-embed/lib/rv32imafc/ilp32f\libc_nano.a(lib_a-nano-vfprintf.o)
 .debug_frame   0x0000000000000950       0x8c d:/mounriver_studio/mounriver/mounriver_studio/toolchain/risc-v embedded gcc/bin/../lib/gcc/riscv-none-embed/8.2.0/../../../../riscv-none-embed/lib/rv32imafc/ilp32f\libc_nano.a(lib_a-nano-vfprintf_i.o)
 .debug_frame   0x00000000000009dc       0x30 d:/mounriver_studio/mounriver/mounriver_studio/toolchain/risc-v embedded gcc/bin/../lib/gcc/riscv-none-embed/8.2.0/../../../../riscv-none-embed/lib/rv32imafc/ilp32f\libc_nano.a(lib_a-sbrkr.o)
 .debug_frame   0x0000000000000a0c       0xa4 d:/mounriver_studio/mounriver/mounriver_studio/toolchain/risc-v embedded gcc/bin/../lib/gcc/riscv-none-embed/8.2.0/../../../../riscv-none-embed/lib/rv32imafc/ilp32f\libc_nano.a(lib_a-stdio.o)
 .debug_frame   0x0000000000000ab0       0x30 d:/mounriver_studio/mounriver/mounriver_studio/toolchain/risc-v embedded gcc/bin/../lib/gcc/riscv-none-embed/8.2.0/../../../../riscv-none-embed/lib/rv32imafc/ilp32f\libc_nano.a(lib_a-writer.o)
 .debug_frame   0x0000000000000ae0       0x30 d:/mounriver_studio/mounriver/mounriver_studio/toolchain/risc-v embedded gcc/bin/../lib/gcc/riscv-none-embed/8.2.0/../../../../riscv-none-embed/lib/rv32imafc/ilp32f\libc_nano.a(lib_a-closer.o)
 .debug_frame   0x0000000000000b10       0x30 d:/mounriver_studio/mounriver/mounriver_studio/toolchain/risc-v embedded gcc/bin/../lib/gcc/riscv-none-embed/8.2.0/../../../../riscv-none-embed/lib/rv32imafc/ilp32f\libc_nano.a(lib_a-fstatr.o)
 .debug_frame   0x0000000000000b40       0x30 d:/mounriver_studio/mounriver/mounriver_studio/toolchain/risc-v embedded gcc/bin/../lib/gcc/riscv-none-embed/8.2.0/../../../../riscv-none-embed/lib/rv32imafc/ilp32f\libc_nano.a(lib_a-isattyr.o)
 .debug_frame   0x0000000000000b70       0x30 d:/mounriver_studio/mounriver/mounriver_studio/toolchain/risc-v embedded gcc/bin/../lib/gcc/riscv-none-embed/8.2.0/../../../../riscv-none-embed/lib/rv32imafc/ilp32f\libc_nano.a(lib_a-lseekr.o)
 .debug_frame   0x0000000000000ba0       0x20 d:/mounriver_studio/mounriver/mounriver_studio/toolchain/risc-v embedded gcc/bin/../lib/gcc/riscv-none-embed/8.2.0/../../../../riscv-none-embed/lib/rv32imafc/ilp32f\libc_nano.a(lib_a-memchr.o)
 .debug_frame   0x0000000000000bc0       0x20 d:/mounriver_studio/mounriver/mounriver_studio/toolchain/risc-v embedded gcc/bin/../lib/gcc/riscv-none-embed/8.2.0/../../../../riscv-none-embed/lib/rv32imafc/ilp32f\libc_nano.a(lib_a-memcpy.o)
 .debug_frame   0x0000000000000be0       0x20 d:/mounriver_studio/mounriver/mounriver_studio/toolchain/risc-v embedded gcc/bin/../lib/gcc/riscv-none-embed/8.2.0/../../../../riscv-none-embed/lib/rv32imafc/ilp32f\libc_nano.a(lib_a-memmove.o)
 .debug_frame   0x0000000000000c00       0x30 d:/mounriver_studio/mounriver/mounriver_studio/toolchain/risc-v embedded gcc/bin/../lib/gcc/riscv-none-embed/8.2.0/../../../../riscv-none-embed/lib/rv32imafc/ilp32f\libc_nano.a(lib_a-mlock.o)
 .debug_frame   0x0000000000000c30       0x40 d:/mounriver_studio/mounriver/mounriver_studio/toolchain/risc-v embedded gcc/bin/../lib/gcc/riscv-none-embed/8.2.0/../../../../riscv-none-embed/lib/rv32imafc/ilp32f\libc_nano.a(lib_a-nano-reallocr.o)
 .debug_frame   0x0000000000000c70       0x30 d:/mounriver_studio/mounriver/mounriver_studio/toolchain/risc-v embedded gcc/bin/../lib/gcc/riscv-none-embed/8.2.0/../../../../riscv-none-embed/lib/rv32imafc/ilp32f\libc_nano.a(lib_a-readr.o)
 .debug_frame   0x0000000000000ca0       0x70 d:/mounriver_studio/mounriver/mounriver_studio/toolchain/risc-v embedded gcc/bin/../lib/gcc/riscv-none-embed/8.2.0/../../../../riscv-none-embed/lib/rv32imafc/ilp32f\libc_nano.a(lib_a-reent.o)
 .debug_frame   0x0000000000000d10       0x20 d:/mounriver_studio/mounriver/mounriver_studio/toolchain/risc-v embedded gcc/bin/../lib/gcc/riscv-none-embed/8.2.0/../../../../riscv-none-embed/lib/rv32imafc/ilp32f\libc_nano.a(lib_a-nano-msizer.o)
 .debug_frame   0x0000000000000d30       0x20 d:/mounriver_studio/mounriver/mounriver_studio/toolchain/risc-v embedded gcc/bin/../lib/gcc/riscv-none-embed/8.2.0/../../../../riscv-none-embed/lib/rv32imafc/ilp32f\libnosys.a(close.o)
 .debug_frame   0x0000000000000d50       0x20 d:/mounriver_studio/mounriver/mounriver_studio/toolchain/risc-v embedded gcc/bin/../lib/gcc/riscv-none-embed/8.2.0/../../../../riscv-none-embed/lib/rv32imafc/ilp32f\libnosys.a(fstat.o)
 .debug_frame   0x0000000000000d70       0x20 d:/mounriver_studio/mounriver/mounriver_studio/toolchain/risc-v embedded gcc/bin/../lib/gcc/riscv-none-embed/8.2.0/../../../../riscv-none-embed/lib/rv32imafc/ilp32f\libnosys.a(isatty.o)
 .debug_frame   0x0000000000000d90       0x20 d:/mounriver_studio/mounriver/mounriver_studio/toolchain/risc-v embedded gcc/bin/../lib/gcc/riscv-none-embed/8.2.0/../../../../riscv-none-embed/lib/rv32imafc/ilp32f\libnosys.a(lseek.o)
 .debug_frame   0x0000000000000db0       0x20 d:/mounriver_studio/mounriver/mounriver_studio/toolchain/risc-v embedded gcc/bin/../lib/gcc/riscv-none-embed/8.2.0/../../../../riscv-none-embed/lib/rv32imafc/ilp32f\libnosys.a(read.o)

.stab           0x0000000000000000       0x84
 .stab          0x0000000000000000       0x24 d:/mounriver_studio/mounriver/mounriver_studio/toolchain/risc-v embedded gcc/bin/../lib/gcc/riscv-none-embed/8.2.0/../../../../riscv-none-embed/lib/rv32imafc/ilp32f\libnosys.a(close.o)
 .stab          0x0000000000000024       0x18 d:/mounriver_studio/mounriver/mounriver_studio/toolchain/risc-v embedded gcc/bin/../lib/gcc/riscv-none-embed/8.2.0/../../../../riscv-none-embed/lib/rv32imafc/ilp32f\libnosys.a(fstat.o)
                                         0x24 (size before relaxing)
 .stab          0x000000000000003c       0x18 d:/mounriver_studio/mounriver/mounriver_studio/toolchain/risc-v embedded gcc/bin/../lib/gcc/riscv-none-embed/8.2.0/../../../../riscv-none-embed/lib/rv32imafc/ilp32f\libnosys.a(isatty.o)
                                         0x24 (size before relaxing)
 .stab          0x0000000000000054       0x18 d:/mounriver_studio/mounriver/mounriver_studio/toolchain/risc-v embedded gcc/bin/../lib/gcc/riscv-none-embed/8.2.0/../../../../riscv-none-embed/lib/rv32imafc/ilp32f\libnosys.a(lseek.o)
                                         0x24 (size before relaxing)
 .stab          0x000000000000006c       0x18 d:/mounriver_studio/mounriver/mounriver_studio/toolchain/risc-v embedded gcc/bin/../lib/gcc/riscv-none-embed/8.2.0/../../../../riscv-none-embed/lib/rv32imafc/ilp32f\libnosys.a(read.o)
                                         0x24 (size before relaxing)

.stabstr        0x0000000000000000      0x117
 .stabstr       0x0000000000000000      0x117 d:/mounriver_studio/mounriver/mounriver_studio/toolchain/risc-v embedded gcc/bin/../lib/gcc/riscv-none-embed/8.2.0/../../../../riscv-none-embed/lib/rv32imafc/ilp32f\libnosys.a(close.o)
